C51 COMPILER V9.57.0.0   MAIN                                                              01/12/2019 15:07:48 PAGE 1   


C51 COMPILER V9.57.0.0, COMPILATION OF MODULE MAIN
OBJECT MODULE PLACED IN .\Objects\main.obj
COMPILER INVOKED BY: F:\Cai_Phan_Mem\Keil C 8051\C51\BIN\C51.EXE main.c OPTIMIZE(8,SPEED) BROWSE DEBUG OBJECTEXTEND PRIN
                    -T(.\Listings\main.lst) TABS(2) OBJECT(.\Objects\main.obj)

line level    source

   1                  
   2                   
   3          #include<regx52.h>
   4          
   5          sbit LED_PIN = P1^2;
   6          int i=0;
   7          
   8          
   9          
  10          void Delay_ms(unsigned int t)     
  11          {
  12   1          unsigned int x,y;             
  13   1          for (x=0; x<t; x++) 
  14   1          {   
  15   2               for (y=0; y<123; y++);   
  16   2          }
  17   1      }
  18          
  19          void main()
  20          { 
  21   1        
  22   1           while(1) 
  23   1           {
  24   2              P1 = 0xFF;
  25   2              Delay_ms(500);
  26   2              for(i=1; i<8; i++)
  27   2               {
  28   3                P1 <<=1;
  29   3                Delay_ms(500);       
  30   3               }
  31   2              P1 = 0x00;
  32   2              Delay_ms(500);
  33   2           }
  34   1      }      


MODULE INFORMATION:   STATIC OVERLAYABLE
   CODE SIZE        =     82    ----
   CONSTANT SIZE    =   ----    ----
   XDATA SIZE       =   ----    ----
   PDATA SIZE       =   ----    ----
   DATA SIZE        =      2    ----
   IDATA SIZE       =   ----    ----
   BIT SIZE         =   ----    ----
END OF MODULE INFORMATION.


C51 COMPILATION COMPLETE.  0 WARNING(S),  0 ERROR(S)
